EN ext_sz NULL C:/Users/Xhaar/Desktop/MIPS2000VHDL/EXT_sz.vhd sub00/vhpl50 1382208344
EN mux4to1_32x NULL C:/Users/Xhaar/Desktop/MIPS2000VHDL/mux_4to1_32x.vhd sub00/vhpl24 1382208318
AR cntr_fsm behavioral C:/Users/Xhaar/Desktop/MIPS2000VHDL/CNTR_fsm.vhd sub00/vhpl79 1382208373
EN dmem NULL C:/Users/Xhaar/Desktop/MIPS2000VHDL/DMEM.vhd sub00/vhpl82 1382208376
AR regfile_bl regfile_block C:/Users/Xhaar/Desktop/MIPS2000VHDL/reg_file_block.vhd sub00/vhpl49 1382208343
EN cntr_aux NULL C:/Users/Xhaar/Desktop/MIPS2000VHDL/CNTR_aux.vhd sub00/vhpl52 1382208346
EN dft_mult NULL C:/Users/Xhaar/Desktop/MIPS2000VHDL/DFT_Mult.vhd sub00/vhpl72 1382208366
AR lfsr modular C:/Users/Xhaar/Desktop/MIPS2000VHDL/lfsr.vhd sub00/vhpl07 1382208301
EN dff NULL C:/Users/Xhaar/Desktop/MIPS2000VHDL/DFF.vhd sub00/vhpl64 1382208358
EN cntr_comb NULL C:/Users/Xhaar/Desktop/MIPS2000VHDL/CNTR_comp.vhd sub00/vhpl76 1382208370
AR slt behavioral C:/Users/Xhaar/Desktop/MIPS2000VHDL/SLT.vhd sub00/vhpl29 1382208323
AR spdistram32_2 syn C:/Users/Xhaar/Desktop/MIPS2000VHDL/spdistram_512x32_2.vhd sub00/vhpl37 1382208331
AR mux_5to1_32x behavioral C:/Users/Xhaar/Desktop/MIPS2000VHDL/mux_5to1_32x.vhd sub00/vhpl75 1382208369
AR mult_32x32 behavioral C:/Users/Xhaar/Desktop/MIPS2000VHDL/mult_32x32.vhd sub00/vhpl17 1382208311
AR mux_4to1_x64 structural C:/Users/Xhaar/Desktop/MIPS2000VHDL/mux_4to1_x64.vhd sub00/vhpl15 1382208309
EN rom NULL C:/Users/Xhaar/Desktop/MIPS2000VHDL/rom.vhd sub00/vhpl02 1382208296
AR r32we behavioral C:/Users/Xhaar/Desktop/MIPS2000VHDL/R32we.vhd sub00/vhpl43 1382208337
AR cntr_comb behavioral C:/Users/Xhaar/Desktop/MIPS2000VHDL/CNTR_comp.vhd sub00/vhpl77 1382208371
AR bus32_aux structural C:/Users/Xhaar/Desktop/MIPS2000VHDL/BUS32_aux.vhd sub00/vhpl63 1382208357
EN datapath NULL C:/Users/Xhaar/Desktop/MIPS2000VHDL/datapath.vhd sub00/vhpl80 1382208374
AR lu structural C:/Users/Xhaar/Desktop/MIPS2000VHDL/LU.vhd sub00/vhpl23 1382208317
EN r32we NULL C:/Users/Xhaar/Desktop/MIPS2000VHDL/R32we.vhd sub00/vhpl42 1382208336
EN slt NULL C:/Users/Xhaar/Desktop/MIPS2000VHDL/SLT.vhd sub00/vhpl28 1382208322
EN and2bit NULL C:/Users/Xhaar/Desktop/MIPS2000VHDL/AND2bit.vhd sub00/vhpl68 1382208362
EN imem NULL C:/Users/Xhaar/Desktop/MIPS2000VHDL/IMEM.vhd sub00/vhpl84 1382208378
AR inc behavioral C:/Users/Xhaar/Desktop/MIPS2000VHDL/INC.vhd sub00/vhpl45 1382208339
AR mux3to1x32bit behavioral C:/Users/Xhaar/Desktop/MIPS2000VHDL/MUX3to1x32bit.vhd sub00/vhpl71 1382208365
AR rom arch C:/Users/Xhaar/Desktop/MIPS2000VHDL/rom.vhd sub00/vhpl03 1382208297
EN r32 NULL C:/Users/Xhaar/Desktop/MIPS2000VHDL/R32.vhd sub00/vhpl46 1382208340
EN mux_2to1_32x NULL C:/Users/Xhaar/Desktop/MIPS2000VHDL/mux_2to1_32x.vhd sub00/vhpl56 1382208350
EN lu NULL C:/Users/Xhaar/Desktop/MIPS2000VHDL/LU.vhd sub00/vhpl22 1382208316
AR mult_atpg behavioral C:/Users/Xhaar/Desktop/MIPS2000VHDL/mult_atpg.vhd sub00/vhpl13 1382208307
AR addsub32x structural C:/Users/Xhaar/Desktop/MIPS2000VHDL/addsub32x.vhd sub00/vhpl21 1382208315
AR imem structural C:/Users/Xhaar/Desktop/MIPS2000VHDL/IMEM.vhd sub00/vhpl85 1382208379
AR spdistram32_3 syn C:/Users/Xhaar/Desktop/MIPS2000VHDL/spdistram_512x32_3.vhd sub00/vhpl39 1382208333
EN toplevel NULL C:/Users/Xhaar/Desktop/MIPS2000VHDL/toplevel.vhd sub00/vhpl86 1382208380
EN add32bit NULL C:/Users/Xhaar/Desktop/MIPS2000VHDL/ADD32bit.vhd sub00/vhpl58 1382208352
AR add32bit behavioral C:/Users/Xhaar/Desktop/MIPS2000VHDL/ADD32bit.vhd sub00/vhpl59 1382208353
EN mult_atpg NULL C:/Users/Xhaar/Desktop/MIPS2000VHDL/mult_atpg.vhd sub00/vhpl12 1382208306
AR mux_2to1_32x structural C:/Users/Xhaar/Desktop/MIPS2000VHDL/mux_2to1_32x.vhd sub00/vhpl57 1382208351
EN spdistram32_0 NULL C:/Users/Xhaar/Desktop/MIPS2000VHDL/spdistram_512x32_0.vhd sub00/vhpl32 1382208326
EN spdistram32_1 NULL C:/Users/Xhaar/Desktop/MIPS2000VHDL/spdistram_512x32_1.vhd sub00/vhpl34 1382208328
AR ext_sz behavioral C:/Users/Xhaar/Desktop/MIPS2000VHDL/EXT_sz.vhd sub00/vhpl51 1382208345
EN mult_dtrm NULL C:/Users/Xhaar/Desktop/MIPS2000VHDL/mult_dtrm.vhd sub00/vhpl10 1382208304
EN spdistram32_2 NULL C:/Users/Xhaar/Desktop/MIPS2000VHDL/spdistram_512x32_2.vhd sub00/vhpl36 1382208330
AR atpg_counter behavioral C:/Users/Xhaar/Desktop/MIPS2000VHDL/atpg_counter.vhd sub00/vhpl01 1382208295
EN spdistram32_3 NULL C:/Users/Xhaar/Desktop/MIPS2000VHDL/spdistram_512x32_3.vhd sub00/vhpl38 1382208332
EN counter NULL C:/Users/Xhaar/Desktop/MIPS2000VHDL/counter.vhd sub00/vhpl04 1382208298
EN addsub32x NULL C:/Users/Xhaar/Desktop/MIPS2000VHDL/addsub32x.vhd sub00/vhpl20 1382208314
AR shift behavioral C:/Users/Xhaar/Desktop/MIPS2000VHDL/SHIFT.vhd sub00/vhpl31 1382208325
EN shift NULL C:/Users/Xhaar/Desktop/MIPS2000VHDL/SHIFT.vhd sub00/vhpl30 1382208324
EN cntr_fsm NULL C:/Users/Xhaar/Desktop/MIPS2000VHDL/CNTR_fsm.vhd sub00/vhpl78 1382208372
AR and2bit behavioral C:/Users/Xhaar/Desktop/MIPS2000VHDL/AND2bit.vhd sub00/vhpl69 1382208363
EN mux_4to1_x64 NULL C:/Users/Xhaar/Desktop/MIPS2000VHDL/mux_4to1_x64.vhd sub00/vhpl14 1382208308
EN mult_32x32 NULL C:/Users/Xhaar/Desktop/MIPS2000VHDL/mult_32x32.vhd sub00/vhpl16 1382208310
AR mult_lfsr stractural C:/Users/Xhaar/Desktop/MIPS2000VHDL/mult_lfsr.vhd sub00/vhpl09 1382208303
AR toplevel behavioral C:/Users/Xhaar/Desktop/MIPS2000VHDL/toplevel.vhd sub00/vhpl87 1382208381
AR spdistram32_0 syn C:/Users/Xhaar/Desktop/MIPS2000VHDL/spdistram_512x32_0.vhd sub00/vhpl33 1382208327
AR sl2 structural C:/Users/Xhaar/Desktop/MIPS2000VHDL/SL2.vhd sub00/vhpl55 1382208349
EN lfsr NULL C:/Users/Xhaar/Desktop/MIPS2000VHDL/lfsr.vhd sub00/vhpl06 1382208300
AR dft_mult stractural C:/Users/Xhaar/Desktop/MIPS2000VHDL/DFT_Mult.vhd sub00/vhpl73 1382208367
EN mux_5to1_32x NULL C:/Users/Xhaar/Desktop/MIPS2000VHDL/mux_5to1_32x.vhd sub00/vhpl74 1382208368
EN misr NULL C:/Users/Xhaar/Desktop/MIPS2000VHDL/misr.vhd sub00/vhpl18 1382208312
AR dff behavioral C:/Users/Xhaar/Desktop/MIPS2000VHDL/DFF.vhd sub00/vhpl65 1382208359
AR counter behv C:/Users/Xhaar/Desktop/MIPS2000VHDL/counter.vhd sub00/vhpl05 1382208299
AR mux4to1_32x structural C:/Users/Xhaar/Desktop/MIPS2000VHDL/mux_4to1_32x.vhd sub00/vhpl25 1382208319
EN regfile_bl NULL C:/Users/Xhaar/Desktop/MIPS2000VHDL/reg_file_block.vhd sub00/vhpl48 1382208342
AR alu behavioral C:/Users/Xhaar/Desktop/MIPS2000VHDL/ALU.vhd sub00/vhpl61 1382208355
AR r32 behavioral C:/Users/Xhaar/Desktop/MIPS2000VHDL/R32.vhd sub00/vhpl47 1382208341
AR or_tree structural C:/Users/Xhaar/Desktop/MIPS2000VHDL/OR_tree.vhd sub00/vhpl27 1382208321
EN atpg_counter NULL C:/Users/Xhaar/Desktop/MIPS2000VHDL/atpg_counter.vhd sub00/vhpl00 1382208294
AR misr modular C:/Users/Xhaar/Desktop/MIPS2000VHDL/misr.vhd sub00/vhpl19 1382208313
EN bus32_aux NULL C:/Users/Xhaar/Desktop/MIPS2000VHDL/BUS32_aux.vhd sub00/vhpl62 1382208356
AR spdistram syn C:/Users/Xhaar/Desktop/MIPS2000VHDL/spdistram_2kx8.vhd sub00/vhpl41 1382208335
AR datapath behavioral C:/Users/Xhaar/Desktop/MIPS2000VHDL/datapath.vhd sub00/vhpl81 1382208375
AR mult_dtrm stractural C:/Users/Xhaar/Desktop/MIPS2000VHDL/mult_dtrm.vhd sub00/vhpl11 1382208305
AR cntr_aux structural C:/Users/Xhaar/Desktop/MIPS2000VHDL/CNTR_aux.vhd sub00/vhpl53 1382208347
EN mult_lfsr NULL C:/Users/Xhaar/Desktop/MIPS2000VHDL/mult_lfsr.vhd sub00/vhpl08 1382208302
EN or_tree NULL C:/Users/Xhaar/Desktop/MIPS2000VHDL/OR_tree.vhd sub00/vhpl26 1382208320
EN xor32bit NULL C:/Users/Xhaar/Desktop/MIPS2000VHDL/XOR32bit.vhd sub00/vhpl66 1382208360
AR spdistram32_1 syn C:/Users/Xhaar/Desktop/MIPS2000VHDL/spdistram_512x32_1.vhd sub00/vhpl35 1382208329
EN sl2 NULL C:/Users/Xhaar/Desktop/MIPS2000VHDL/SL2.vhd sub00/vhpl54 1382208348
EN inc NULL C:/Users/Xhaar/Desktop/MIPS2000VHDL/INC.vhd sub00/vhpl44 1382208338
EN mux3to1x32bit NULL C:/Users/Xhaar/Desktop/MIPS2000VHDL/MUX3to1x32bit.vhd sub00/vhpl70 1382208364
EN alu NULL C:/Users/Xhaar/Desktop/MIPS2000VHDL/ALU.vhd sub00/vhpl60 1382208354
AR dmem structural C:/Users/Xhaar/Desktop/MIPS2000VHDL/DMEM.vhd sub00/vhpl83 1382208377
AR xor32bit behavioral C:/Users/Xhaar/Desktop/MIPS2000VHDL/XOR32bit.vhd sub00/vhpl67 1382208361
EN spdistram NULL C:/Users/Xhaar/Desktop/MIPS2000VHDL/spdistram_2kx8.vhd sub00/vhpl40 1382208334
