V3 178
FL C:/Users/Xhaar/Desktop/MIPS2000VHDL/ADD32bit.vhd 2012/10/08.00:31:36 O.40d
EN work/ADD32bit 1382208352 FL C:/Users/Xhaar/Desktop/MIPS2000VHDL/ADD32bit.vhd \
      PB ieee/std_logic_1164 1296775758 PB ieee/STD_LOGIC_UNSIGNED 1296775760
AR work/ADD32bit/Behavioral 1382208353 \
      FL C:/Users/Xhaar/Desktop/MIPS2000VHDL/ADD32bit.vhd EN work/ADD32bit 1382208352
FL C:/Users/Xhaar/Desktop/MIPS2000VHDL/addsub32x.vhd 2012/10/08.00:31:57 O.40d
EN work/addsub32x 1382208314 FL C:/Users/Xhaar/Desktop/MIPS2000VHDL/addsub32x.vhd \
      PB ieee/std_logic_1164 1296775758 PB ieee/STD_LOGIC_UNSIGNED 1296775760
AR work/addsub32x/structural 1382208315 \
      FL C:/Users/Xhaar/Desktop/MIPS2000VHDL/addsub32x.vhd EN work/addsub32x 1382208314
FL C:/Users/Xhaar/Desktop/MIPS2000VHDL/ALU.vhd 2013/10/19.20:03:53 O.40d
EN work/ALU 1382208354 FL C:/Users/Xhaar/Desktop/MIPS2000VHDL/ALU.vhd \
      PB ieee/std_logic_1164 1296775758
AR work/ALU/Behavioral 1382208355 \
      FL C:/Users/Xhaar/Desktop/MIPS2000VHDL/ALU.vhd EN work/ALU 1382208354 \
      CP addsub32x CP LU CP mux4to1_32x CP OR_tree CP SLT CP SHIFT
FL C:/Users/Xhaar/Desktop/MIPS2000VHDL/AND2bit.vhd 2012/10/08.00:33:17 O.40d
EN work/AND2bit 1382208362 FL C:/Users/Xhaar/Desktop/MIPS2000VHDL/AND2bit.vhd \
      PB ieee/std_logic_1164 1296775758
AR work/AND2bit/Behavioral 1382208363 \
      FL C:/Users/Xhaar/Desktop/MIPS2000VHDL/AND2bit.vhd EN work/AND2bit 1382208362
FL C:/Users/Xhaar/Desktop/MIPS2000VHDL/atpg_counter.vhd 2013/09/29.22:30:18 O.40d
EN work/atpg_counter 1382208294 \
      FL C:/Users/Xhaar/Desktop/MIPS2000VHDL/atpg_counter.vhd \
      PB ieee/std_logic_1164 1296775758 PB ieee/std_logic_arith 1296775759 \
      PB ieee/STD_LOGIC_UNSIGNED 1296775760
AR work/atpg_counter/Behavioral 1382208295 \
      FL C:/Users/Xhaar/Desktop/MIPS2000VHDL/atpg_counter.vhd \
      EN work/atpg_counter 1382208294
FL C:/Users/Xhaar/Desktop/MIPS2000VHDL/BUS32_aux.vhd 2013/04/25.16:57:50 O.40d
EN work/BUS32_aux 1382208356 FL C:/Users/Xhaar/Desktop/MIPS2000VHDL/BUS32_aux.vhd \
      PB ieee/std_logic_1164 1296775758 PB ieee/std_logic_arith 1296775759 \
      PB ieee/STD_LOGIC_UNSIGNED 1296775760
AR work/BUS32_aux/Structural 1382208357 \
      FL C:/Users/Xhaar/Desktop/MIPS2000VHDL/BUS32_aux.vhd EN work/BUS32_aux 1382208356
FL C:/Users/Xhaar/Desktop/MIPS2000VHDL/CNTR_aux.vhd 2012/10/08.00:31:05 O.40d
EN work/CNTR_aux 1382208346 FL C:/Users/Xhaar/Desktop/MIPS2000VHDL/CNTR_aux.vhd \
      PB ieee/std_logic_1164 1296775758 PB ieee/std_logic_arith 1296775759 \
      PB ieee/STD_LOGIC_UNSIGNED 1296775760
AR work/CNTR_aux/Structural 1382208347 \
      FL C:/Users/Xhaar/Desktop/MIPS2000VHDL/CNTR_aux.vhd EN work/CNTR_aux 1382208346
FL C:/Users/Xhaar/Desktop/MIPS2000VHDL/CNTR_comp.vhd 2013/10/16.20:13:46 O.40d
EN work/CNTR_comb 1382208370 FL C:/Users/Xhaar/Desktop/MIPS2000VHDL/CNTR_comp.vhd \
      PB ieee/std_logic_1164 1296775758
AR work/CNTR_comb/Behavioral 1382208371 \
      FL C:/Users/Xhaar/Desktop/MIPS2000VHDL/CNTR_comp.vhd EN work/CNTR_comb 1382208370
FL C:/Users/Xhaar/Desktop/MIPS2000VHDL/CNTR_fsm.vhd 2013/10/19.19:32:54 O.40d
EN work/CNTR_fsm 1382208372 FL C:/Users/Xhaar/Desktop/MIPS2000VHDL/CNTR_fsm.vhd \
      PB ieee/std_logic_1164 1296775758
AR work/CNTR_fsm/Behavioral 1382208373 \
      FL C:/Users/Xhaar/Desktop/MIPS2000VHDL/CNTR_fsm.vhd EN work/CNTR_fsm 1382208372
FL C:/Users/Xhaar/Desktop/MIPS2000VHDL/counter.vhd 2013/09/24.18:45:06 O.40d
EN work/counter 1382208298 FL C:/Users/Xhaar/Desktop/MIPS2000VHDL/counter.vhd \
      PB ieee/std_logic_1164 1296775758 PB ieee/STD_LOGIC_UNSIGNED 1296775760
AR work/counter/behv 1382208299 \
      FL C:/Users/Xhaar/Desktop/MIPS2000VHDL/counter.vhd EN work/counter 1382208298
FL C:/Users/Xhaar/Desktop/MIPS2000VHDL/datapath.vhd 2013/10/10.18:50:49 O.40d
EN work/datapath 1382208374 FL C:/Users/Xhaar/Desktop/MIPS2000VHDL/datapath.vhd \
      PB ieee/std_logic_1164 1296775758
AR work/datapath/Behavioral 1382208375 \
      FL C:/Users/Xhaar/Desktop/MIPS2000VHDL/datapath.vhd EN work/datapath 1382208374 \
      CP R32we CP INC CP R32 CP Regfile_bl CP EXT_sz CP CNTR_aux CP SL2 CP mux_2to1_32x \
      CP ADD32bit CP ALU CP BUS32_aux CP DFF CP XOR32bit CP AND2bit CP MUX3to1x32bit \
      CP DFT_Mult CP mux_5to1_32x
FL C:/Users/Xhaar/Desktop/MIPS2000VHDL/DFF.vhd 2012/10/08.00:32:59 O.40d
EN work/DFF 1382208358 FL C:/Users/Xhaar/Desktop/MIPS2000VHDL/DFF.vhd \
      PB ieee/std_logic_1164 1296775758
AR work/DFF/Behavioral 1382208359 \
      FL C:/Users/Xhaar/Desktop/MIPS2000VHDL/DFF.vhd EN work/DFF 1382208358
FL C:/Users/Xhaar/Desktop/MIPS2000VHDL/DFT_Mult.vhd 2013/10/10.18:46:43 O.40d
EN work/DFT_Mult 1382208366 FL C:/Users/Xhaar/Desktop/MIPS2000VHDL/DFT_Mult.vhd \
      PB ieee/std_logic_1164 1296775758 PB ieee/std_logic_arith 1296775759
AR work/DFT_Mult/Stractural 1382208367 \
      FL C:/Users/Xhaar/Desktop/MIPS2000VHDL/DFT_Mult.vhd EN work/DFT_Mult 1382208366 \
      CP mult_lfsr CP mult_dtrm CP mult_atpg CP mux_4to1_x64 CP mult_32x32 CP misr
FL C:/Users/Xhaar/Desktop/MIPS2000VHDL/DMEM.vhd 2013/08/29.18:10:43 O.40d
EN work/dmem 1382208376 FL C:/Users/Xhaar/Desktop/MIPS2000VHDL/DMEM.vhd \
      PB ieee/std_logic_1164 1296775758 PB ieee/std_logic_arith 1296775759 \
      PB ieee/STD_LOGIC_UNSIGNED 1296775760
AR work/dmem/structural 1382208377 \
      FL C:/Users/Xhaar/Desktop/MIPS2000VHDL/DMEM.vhd EN work/dmem 1382208376 \
      CP spdistram
FL C:/Users/Xhaar/Desktop/MIPS2000VHDL/EXT_sz.vhd 2012/10/08.00:30:55 O.40d
EN work/EXT_sz 1382208344 FL C:/Users/Xhaar/Desktop/MIPS2000VHDL/EXT_sz.vhd \
      PB ieee/std_logic_1164 1296775758
AR work/EXT_sz/Behavioral 1382208345 \
      FL C:/Users/Xhaar/Desktop/MIPS2000VHDL/EXT_sz.vhd EN work/EXT_sz 1382208344
FL C:/Users/Xhaar/Desktop/MIPS2000VHDL/IMEM.vhd 2013/08/29.18:08:26 O.40d
EN work/IMEM 1382208378 FL C:/Users/Xhaar/Desktop/MIPS2000VHDL/IMEM.vhd \
      PB ieee/std_logic_1164 1296775758 PB ieee/std_logic_arith 1296775759 \
      PB ieee/STD_LOGIC_UNSIGNED 1296775760
AR work/IMEM/structural 1382208379 \
      FL C:/Users/Xhaar/Desktop/MIPS2000VHDL/IMEM.vhd EN work/IMEM 1382208378 \
      CP spdistram32_0 CP spdistram32_1 CP spdistram32_2 CP spdistram32_3
FL C:/Users/Xhaar/Desktop/MIPS2000VHDL/INC.vhd 2013/04/25.19:54:13 O.40d
EN work/INC 1382208338 FL C:/Users/Xhaar/Desktop/MIPS2000VHDL/INC.vhd \
      PB ieee/std_logic_1164 1296775758 PB ieee/STD_LOGIC_UNSIGNED 1296775760
AR work/INC/Behavioral 1382208339 \
      FL C:/Users/Xhaar/Desktop/MIPS2000VHDL/INC.vhd EN work/INC 1382208338
FL C:/Users/Xhaar/Desktop/MIPS2000VHDL/lfsr.vhd 2004/06/30.21:24:10 O.40d
EN work/lfsr 1382208300 FL C:/Users/Xhaar/Desktop/MIPS2000VHDL/lfsr.vhd \
      PB ieee/std_logic_1164 1296775758
AR work/lfsr/modular 1382208301 \
      FL C:/Users/Xhaar/Desktop/MIPS2000VHDL/lfsr.vhd EN work/lfsr 1382208300
FL C:/Users/Xhaar/Desktop/MIPS2000VHDL/LU.vhd 2012/10/08.00:32:05 O.40d
EN work/LU 1382208316 FL C:/Users/Xhaar/Desktop/MIPS2000VHDL/LU.vhd \
      PB ieee/std_logic_1164 1296775758 PB ieee/STD_LOGIC_UNSIGNED 1296775760
AR work/LU/structural 1382208317 \
      FL C:/Users/Xhaar/Desktop/MIPS2000VHDL/LU.vhd EN work/LU 1382208316
FL C:/Users/Xhaar/Desktop/MIPS2000VHDL/misr.vhd 2013/09/24.20:58:00 O.40d
EN work/misr 1382208312 FL C:/Users/Xhaar/Desktop/MIPS2000VHDL/misr.vhd \
      PB ieee/std_logic_1164 1296775758
AR work/misr/modular 1382208313 \
      FL C:/Users/Xhaar/Desktop/MIPS2000VHDL/misr.vhd EN work/misr 1382208312
FL C:/Users/Xhaar/Desktop/MIPS2000VHDL/mult_32x32.vhd 2004/06/30.19:29:50 O.40d
EN work/mult_32x32 1382208310 \
      FL C:/Users/Xhaar/Desktop/MIPS2000VHDL/mult_32x32.vhd \
      PB ieee/std_logic_1164 1296775758 PB ieee/std_logic_arith 1296775759
AR work/mult_32x32/Behavioral 1382208311 \
      FL C:/Users/Xhaar/Desktop/MIPS2000VHDL/mult_32x32.vhd EN work/mult_32x32 1382208310
FL C:/Users/Xhaar/Desktop/MIPS2000VHDL/mult_atpg.vhd 2013/09/29.22:14:11 O.40d
EN work/mult_atpg 1382208306 FL C:/Users/Xhaar/Desktop/MIPS2000VHDL/mult_atpg.vhd \
      PB ieee/std_logic_1164 1296775758 PB ieee/std_logic_arith 1296775759 \
      PB ieee/STD_LOGIC_UNSIGNED 1296775760
AR work/mult_atpg/Behavioral 1382208307 \
      FL C:/Users/Xhaar/Desktop/MIPS2000VHDL/mult_atpg.vhd EN work/mult_atpg 1382208306 \
      CP atpg_counter CP rom
FL C:/Users/Xhaar/Desktop/MIPS2000VHDL/mult_dtrm.vhd 2013/10/12.17:57:42 O.40d
EN work/mult_dtrm 1382208304 FL C:/Users/Xhaar/Desktop/MIPS2000VHDL/mult_dtrm.vhd \
      PB ieee/std_logic_1164 1296775758 PB ieee/std_logic_arith 1296775759
AR work/mult_dtrm/Stractural 1382208305 \
      FL C:/Users/Xhaar/Desktop/MIPS2000VHDL/mult_dtrm.vhd EN work/mult_dtrm 1382208304 \
      CP counter
FL C:/Users/Xhaar/Desktop/MIPS2000VHDL/mult_lfsr.vhd 2013/09/24.21:08:22 O.40d
EN work/mult_lfsr 1382208302 FL C:/Users/Xhaar/Desktop/MIPS2000VHDL/mult_lfsr.vhd \
      PB ieee/std_logic_1164 1296775758 PB ieee/std_logic_arith 1296775759
AR work/mult_lfsr/Stractural 1382208303 \
      FL C:/Users/Xhaar/Desktop/MIPS2000VHDL/mult_lfsr.vhd EN work/mult_lfsr 1382208302 \
      CP lfsr
FL C:/Users/Xhaar/Desktop/MIPS2000VHDL/MUX3to1x32bit.vhd 2012/10/08.00:33:28 O.40d
EN work/MUX3to1x32bit 1382208364 \
      FL C:/Users/Xhaar/Desktop/MIPS2000VHDL/MUX3to1x32bit.vhd \
      PB ieee/std_logic_1164 1296775758
AR work/MUX3to1x32bit/Behavioral 1382208365 \
      FL C:/Users/Xhaar/Desktop/MIPS2000VHDL/MUX3to1x32bit.vhd \
      EN work/MUX3to1x32bit 1382208364
FL C:/Users/Xhaar/Desktop/MIPS2000VHDL/mux_2to1_32x.vhd 2012/10/08.00:31:27 O.40d
EN work/mux_2to1_32x 1382208350 \
      FL C:/Users/Xhaar/Desktop/MIPS2000VHDL/mux_2to1_32x.vhd \
      PB ieee/std_logic_1164 1296775758
AR work/mux_2to1_32x/structural 1382208351 \
      FL C:/Users/Xhaar/Desktop/MIPS2000VHDL/mux_2to1_32x.vhd \
      EN work/mux_2to1_32x 1382208350
FL C:/Users/Xhaar/Desktop/MIPS2000VHDL/mux_4to1_32x.vhd 2013/10/19.18:51:54 O.40d
EN work/mux4to1_32x 1382208318 \
      FL C:/Users/Xhaar/Desktop/MIPS2000VHDL/mux_4to1_32x.vhd \
      PB ieee/std_logic_1164 1296775758
AR work/mux4to1_32x/structural 1382208319 \
      FL C:/Users/Xhaar/Desktop/MIPS2000VHDL/mux_4to1_32x.vhd EN work/mux4to1_32x 1382208318
FL C:/Users/Xhaar/Desktop/MIPS2000VHDL/mux_4to1_x64.vhd 2013/09/24.20:47:30 O.40d
EN work/mux_4to1_x64 1382208308 \
      FL C:/Users/Xhaar/Desktop/MIPS2000VHDL/mux_4to1_x64.vhd \
      PB ieee/std_logic_1164 1296775758
AR work/mux_4to1_x64/structural 1382208309 \
      FL C:/Users/Xhaar/Desktop/MIPS2000VHDL/mux_4to1_x64.vhd \
      EN work/mux_4to1_x64 1382208308
FL C:/Users/Xhaar/Desktop/MIPS2000VHDL/mux_5to1_32x.vhd 2012/10/06.15:18:25 O.40d
EN work/mux_5to1_32x 1382208368 \
      FL C:/Users/Xhaar/Desktop/MIPS2000VHDL/mux_5to1_32x.vhd \
      PB ieee/std_logic_1164 1296775758
AR work/mux_5to1_32x/Behavioral 1382208369 \
      FL C:/Users/Xhaar/Desktop/MIPS2000VHDL/mux_5to1_32x.vhd \
      EN work/mux_5to1_32x 1382208368
FL C:/Users/Xhaar/Desktop/MIPS2000VHDL/OR_tree.vhd 2012/10/08.00:32:21 O.40d
EN work/OR_tree 1382208320 FL C:/Users/Xhaar/Desktop/MIPS2000VHDL/OR_tree.vhd \
      PB ieee/std_logic_1164 1296775758
AR work/OR_tree/structural 1382208321 \
      FL C:/Users/Xhaar/Desktop/MIPS2000VHDL/OR_tree.vhd EN work/OR_tree 1382208320
FL C:/Users/Xhaar/Desktop/MIPS2000VHDL/R32.vhd 2013/04/25.19:56:36 O.40d
EN work/R32 1382208340 FL C:/Users/Xhaar/Desktop/MIPS2000VHDL/R32.vhd \
      PB ieee/std_logic_1164 1296775758
AR work/R32/Behavioral 1382208341 \
      FL C:/Users/Xhaar/Desktop/MIPS2000VHDL/R32.vhd EN work/R32 1382208340
FL C:/Users/Xhaar/Desktop/MIPS2000VHDL/R32we.vhd 2012/10/08.00:30:18 O.40d
EN work/R32we 1382208336 FL C:/Users/Xhaar/Desktop/MIPS2000VHDL/R32we.vhd \
      PB ieee/std_logic_1164 1296775758
AR work/R32we/Behavioral 1382208337 \
      FL C:/Users/Xhaar/Desktop/MIPS2000VHDL/R32we.vhd EN work/R32we 1382208336
FL C:/Users/Xhaar/Desktop/MIPS2000VHDL/reg_file_block.vhd 2013/10/19.19:25:00 O.40d
EN work/Regfile_bl 1382208342 \
      FL C:/Users/Xhaar/Desktop/MIPS2000VHDL/reg_file_block.vhd \
      PB ieee/std_logic_1164 1296775758 PB ieee/NUMERIC_STD 1296775759 \
      PB ieee/std_logic_arith 1296775759 PB ieee/STD_LOGIC_UNSIGNED 1296775760
AR work/Regfile_bl/Regfile_block 1382208343 \
      FL C:/Users/Xhaar/Desktop/MIPS2000VHDL/reg_file_block.vhd \
      EN work/Regfile_bl 1382208342
FL C:/Users/Xhaar/Desktop/MIPS2000VHDL/rom.vhd 2013/09/30.18:23:10 O.40d
EN work/rom 1382208296 FL C:/Users/Xhaar/Desktop/MIPS2000VHDL/rom.vhd \
      PB ieee/std_logic_1164 1296775758
AR work/rom/arch 1382208297 \
      FL C:/Users/Xhaar/Desktop/MIPS2000VHDL/rom.vhd EN work/rom 1382208296
FL C:/Users/Xhaar/Desktop/MIPS2000VHDL/SHIFT.vhd 2012/10/08.00:32:41 O.40d
EN work/SHIFT 1382208324 FL C:/Users/Xhaar/Desktop/MIPS2000VHDL/SHIFT.vhd \
      PB ieee/std_logic_1164 1296775758 PB ieee/NUMERIC_STD 1296775759
AR work/SHIFT/Behavioral 1382208325 \
      FL C:/Users/Xhaar/Desktop/MIPS2000VHDL/SHIFT.vhd EN work/SHIFT 1382208324
FL C:/Users/Xhaar/Desktop/MIPS2000VHDL/SL2.vhd 2012/10/08.11:31:59 O.40d
EN work/SL2 1382208348 FL C:/Users/Xhaar/Desktop/MIPS2000VHDL/SL2.vhd \
      PB ieee/std_logic_1164 1296775758 PB ieee/std_logic_arith 1296775759 \
      PB ieee/STD_LOGIC_UNSIGNED 1296775760
AR work/SL2/Structural 1382208349 \
      FL C:/Users/Xhaar/Desktop/MIPS2000VHDL/SL2.vhd EN work/SL2 1382208348
FL C:/Users/Xhaar/Desktop/MIPS2000VHDL/SLT.vhd 2012/10/08.00:32:32 O.40d
EN work/SLT 1382208322 FL C:/Users/Xhaar/Desktop/MIPS2000VHDL/SLT.vhd \
      PB ieee/std_logic_1164 1296775758
AR work/SLT/Behavioral 1382208323 \
      FL C:/Users/Xhaar/Desktop/MIPS2000VHDL/SLT.vhd EN work/SLT 1382208322
FL C:/Users/Xhaar/Desktop/MIPS2000VHDL/spdistram_2kx8.vhd 2010/04/07.13:14:30 O.40d
EN work/spdistram 1382208334 \
      FL C:/Users/Xhaar/Desktop/MIPS2000VHDL/spdistram_2kx8.vhd \
      PB ieee/std_logic_1164 1296775758 PB ieee/std_logic_arith 1296775759 \
      PB ieee/STD_LOGIC_UNSIGNED 1296775760 LB UNISIM PH unisim/VCOMPONENTS 1296775759
AR work/spdistram/syn 1382208335 \
      FL C:/Users/Xhaar/Desktop/MIPS2000VHDL/spdistram_2kx8.vhd EN work/spdistram 1382208334 \
      CP RAMB16_S9
FL C:/Users/Xhaar/Desktop/MIPS2000VHDL/spdistram_512x32_0.vhd 2013/10/19.21:39:54 O.40d
EN work/spdistram32_0 1382208326 \
      FL C:/Users/Xhaar/Desktop/MIPS2000VHDL/spdistram_512x32_0.vhd \
      PB ieee/std_logic_1164 1296775758 PB ieee/std_logic_arith 1296775759 \
      PB ieee/STD_LOGIC_UNSIGNED 1296775760 LB UNISIM PH unisim/VCOMPONENTS 1296775759
AR work/spdistram32_0/syn 1382208327 \
      FL C:/Users/Xhaar/Desktop/MIPS2000VHDL/spdistram_512x32_0.vhd \
      EN work/spdistram32_0 1382208326 CP RAMB16_S36
FL C:/Users/Xhaar/Desktop/MIPS2000VHDL/spdistram_512x32_1.vhd 2010/09/11.12:38:31 O.40d
EN work/spdistram32_1 1382208328 \
      FL C:/Users/Xhaar/Desktop/MIPS2000VHDL/spdistram_512x32_1.vhd \
      PB ieee/std_logic_1164 1296775758 PB ieee/std_logic_arith 1296775759 \
      PB ieee/STD_LOGIC_UNSIGNED 1296775760 LB UNISIM PH unisim/VCOMPONENTS 1296775759
AR work/spdistram32_1/syn 1382208329 \
      FL C:/Users/Xhaar/Desktop/MIPS2000VHDL/spdistram_512x32_1.vhd \
      EN work/spdistram32_1 1382208328 CP RAMB16_S36
FL C:/Users/Xhaar/Desktop/MIPS2000VHDL/spdistram_512x32_2.vhd 2010/09/11.12:42:04 O.40d
EN work/spdistram32_2 1382208330 \
      FL C:/Users/Xhaar/Desktop/MIPS2000VHDL/spdistram_512x32_2.vhd \
      PB ieee/std_logic_1164 1296775758 PB ieee/std_logic_arith 1296775759 \
      PB ieee/STD_LOGIC_UNSIGNED 1296775760 LB UNISIM PH unisim/VCOMPONENTS 1296775759
AR work/spdistram32_2/syn 1382208331 \
      FL C:/Users/Xhaar/Desktop/MIPS2000VHDL/spdistram_512x32_2.vhd \
      EN work/spdistram32_2 1382208330 CP RAMB16_S36
FL C:/Users/Xhaar/Desktop/MIPS2000VHDL/spdistram_512x32_3.vhd 2010/09/11.12:39:01 O.40d
EN work/spdistram32_3 1382208332 \
      FL C:/Users/Xhaar/Desktop/MIPS2000VHDL/spdistram_512x32_3.vhd \
      PB ieee/std_logic_1164 1296775758 PB ieee/std_logic_arith 1296775759 \
      PB ieee/STD_LOGIC_UNSIGNED 1296775760 LB UNISIM PH unisim/VCOMPONENTS 1296775759
AR work/spdistram32_3/syn 1382208333 \
      FL C:/Users/Xhaar/Desktop/MIPS2000VHDL/spdistram_512x32_3.vhd \
      EN work/spdistram32_3 1382208332 CP RAMB16_S36
FL C:/Users/Xhaar/Desktop/MIPS2000VHDL/toplevel.vhd 2013/10/10.18:58:56 O.40d
EN work/Toplevel 1382208380 FL C:/Users/Xhaar/Desktop/MIPS2000VHDL/toplevel.vhd \
      PB ieee/std_logic_1164 1296775758
AR work/Toplevel/Behavioral 1382208381 \
      FL C:/Users/Xhaar/Desktop/MIPS2000VHDL/toplevel.vhd EN work/Toplevel 1382208380 \
      CP BUS32_aux CP CNTR_comb CP CNTR_Fsm CP datapath CP DMEM CP IMEM
FL C:/Users/Xhaar/Desktop/MIPS2000VHDL/XOR32bit.vhd 2012/10/08.00:33:09 O.40d
EN work/XOR32bit 1382208360 FL C:/Users/Xhaar/Desktop/MIPS2000VHDL/XOR32bit.vhd \
      PB ieee/std_logic_1164 1296775758 PB ieee/std_logic_arith 1296775759 \
      PB ieee/STD_LOGIC_UNSIGNED 1296775760
AR work/XOR32bit/Behavioral 1382208361 \
      FL C:/Users/Xhaar/Desktop/MIPS2000VHDL/XOR32bit.vhd EN work/XOR32bit 1382208360
